bthread_count : 4
bthread_count_0 : 4
bthread_group_status : "0 0 0 0 0 0 0 0 0 "
bthread_key_count : 1
bthread_keytable_count : 1
bthread_keytable_memory : 768
bthread_signal_second : 18
bthread_stack_count : 12
bthread_switch_second : 38
bthread_timer_scheduled_second : 2
bthread_timer_triggered_second : 1
bthread_timer_usage : 0.00364592
bthread_worker_count : 9
bthread_worker_count_0 : 9
bthread_worker_usage : 1.39037
bthread_worker_usage_0 : 1.39014
bvar_dump_interval : 10
bvar_sampler_collector_usage : 0.011535
eufs_object_service_get_execution_count : 0
eufs_object_service_get_execution_latency : 0
eufs_object_service_get_execution_latency_80 : 0
eufs_object_service_get_execution_latency_90 : 0
eufs_object_service_get_execution_latency_99 : 0
eufs_object_service_get_execution_latency_999 : 0
eufs_object_service_get_execution_latency_9999 : 0
eufs_object_service_get_execution_max_latency : 0
eufs_object_service_get_execution_qps : 0
eufs_object_service_inflight_byte_rejection_count : 0
eufs_object_service_inflight_payload_bytes : 0
eufs_object_service_ledger_full_count : 0
eufs_object_service_put_execution_count : 3
eufs_object_service_put_execution_latency : 40111
eufs_object_service_put_execution_latency_80 : 0
eufs_object_service_put_execution_latency_90 : 0
eufs_object_service_put_execution_latency_99 : 0
eufs_object_service_put_execution_latency_999 : 0
eufs_object_service_put_execution_latency_9999 : 0
eufs_object_service_put_execution_max_latency : 60243
eufs_object_service_put_execution_qps : 2
eufs_object_service_queue_allocation_failure_count : 0
eufs_object_service_read_queue_depth : 0
eufs_object_service_read_queue_rejection_count : 0
eufs_object_service_read_queue_wait_count : 1
eufs_object_service_read_queue_wait_latency : 4688
eufs_object_service_read_queue_wait_latency_80 : 0
eufs_object_service_read_queue_wait_latency_90 : 0
eufs_object_service_read_queue_wait_latency_99 : 0
eufs_object_service_read_queue_wait_latency_999 : 0
eufs_object_service_read_queue_wait_latency_9999 : 0
eufs_object_service_read_queue_wait_max_latency : 4688
eufs_object_service_read_queue_wait_qps : 1
eufs_object_service_request_id_conflict_count : 0
eufs_object_service_request_replay_count : 0
eufs_object_service_result_unknown_count : 0
eufs_object_service_stat_execution_count : 1
eufs_object_service_stat_execution_latency : 5887
eufs_object_service_stat_execution_latency_80 : 0
eufs_object_service_stat_execution_latency_90 : 0
eufs_object_service_stat_execution_latency_99 : 0
eufs_object_service_stat_execution_latency_999 : 0
eufs_object_service_stat_execution_latency_9999 : 0
eufs_object_service_stat_execution_max_latency : 5887
eufs_object_service_stat_execution_qps : 0
eufs_object_service_storage_error_count : 0
eufs_object_service_write_queue_depth : 0
eufs_object_service_write_queue_rejection_count : 13
eufs_object_service_write_queue_wait_count : 3
eufs_object_service_write_queue_wait_latency : 57521
eufs_object_service_write_queue_wait_latency_80 : 0
eufs_object_service_write_queue_wait_latency_90 : 0
eufs_object_service_write_queue_wait_latency_99 : 0
eufs_object_service_write_queue_wait_latency_999 : 0
eufs_object_service_write_queue_wait_latency_9999 : 0
eufs_object_service_write_queue_wait_max_latency : 99120
eufs_object_service_write_queue_wait_qps : 2
event_dispatcher_read_count : 16
event_dispatcher_read_latency : 1891065
event_dispatcher_read_latency_80 : 5528480
event_dispatcher_read_latency_90 : 5528480
event_dispatcher_read_latency_99 : 5528480
event_dispatcher_read_latency_999 : 5528480
event_dispatcher_read_latency_9999 : 5528480
event_dispatcher_read_max_latency : 5528480
event_dispatcher_read_qps : 8
event_dispatcher_write_count : 0
event_dispatcher_write_latency : 0
event_dispatcher_write_latency_80 : 0
event_dispatcher_write_latency_90 : 0
event_dispatcher_write_latency_99 : 0
event_dispatcher_write_latency_999 : 0
event_dispatcher_write_latency_9999 : 0
event_dispatcher_write_max_latency : 0
event_dispatcher_write_qps : 0
gcc_version : "12.3.1"
iobuf_block_count : 22
iobuf_block_count_hit_tls_threshold : 0
iobuf_block_memory : 22
iobuf_newbigview_second : 3
kernel_version : "Linux localhost.localdomain 6.6.0-159.4.3.154.oe2403sp4.x86_64 #1 SMP Mon Jun 29 00:35:21 CST 2026 x86_64 x86_64 x86_64 GNU/Linux
"
pgrp : 10335
pid : 10402
ppid : 10335
process_cmdline : "./build-brpc/eufs_object_server
--image=/root/eufs-overload-matrix-20260809-v9/queue-overload/eufs.img
--listen_addr=127.0.0.1:8027
--max_queued_write_tasks=2
--max_inflight_bytes=67108864
--max_queued_read_tasks=32
--read_workers=4
"
process_context_switches_involuntary_second : 44
process_context_switches_voluntary_second : 76
process_cpu_usage : 0.278
process_cpu_usage_system : 0.098
process_cpu_usage_user : 0.181
process_disk_read_bytes_second : 0
process_disk_write_bytes_second : 112360
process_faults_major : 0
process_faults_minor_second : 1249
process_fd_count : 9
process_inblocks_second : 0
process_io_read_bytes_second : 236023
process_io_read_second : 103
process_io_write_bytes_second : 106724
process_io_write_second : 29
process_memory_data_and_stack : 175198208
process_memory_resident : 42754048
process_memory_shared : 16596992
process_memory_text : 3350528
process_memory_virtual : 1069821952
process_nice : 0
process_outblocks_second : 220
process_priority : 20
process_thread_count : 17
process_uptime : 2.105639
process_username : "root"
process_work_dir : "/root/eufs-g3-6be9260"
rpc_channel_connection_count : 0
rpc_checksums : "crc32c"
rpc_compressions : "snappy gzip zlib"
rpc_controller_count : 1
rpc_event_thread_second : 8
rpc_health_check_count : 0
rpc_keepwrite_second : 1
rpc_load_balancer : "c_md5 wr c_murmurhash c_ketama wrr rr random la p2c"
rpc_naming_service : "file list http discovery https dlist consul nacos redis remotefile"
rpc_profilers : "contention"
rpc_protocols : "rdma_handshake baidu_std streaming_rpc hulu_pbrpc sofa_pbrpc rtmp http public_pbrpc nova_pbrpc redis nshead mongo ubrpc_compack memcache nshead_mcpack ubrpc_mcpack2 esp h2 couchbase mysql"
rpc_revision : "1.17.0"
rpc_server_8027_builtin_service_count : 22
rpc_server_8027_concurrency : 0
rpc_server_8027_connection_count : 1
rpc_server_8027_eps : 0
rpc_server_8027_error : 0
rpc_server_8027_eufs_rpc_protocol_object_service_get_object_concurrency : 0
rpc_server_8027_eufs_rpc_protocol_object_service_get_object_count : 0
rpc_server_8027_eufs_rpc_protocol_object_service_get_object_eps : 0
rpc_server_8027_eufs_rpc_protocol_object_service_get_object_error : 0
rpc_server_8027_eufs_rpc_protocol_object_service_get_object_latency : 0.000
rpc_server_8027_eufs_rpc_protocol_object_service_get_object_latency_80 : 0
rpc_server_8027_eufs_rpc_protocol_object_service_get_object_latency_90 : 0
rpc_server_8027_eufs_rpc_protocol_object_service_get_object_latency_99 : 0
rpc_server_8027_eufs_rpc_protocol_object_service_get_object_latency_999 : 0
rpc_server_8027_eufs_rpc_protocol_object_service_get_object_latency_9999 : 0
rpc_server_8027_eufs_rpc_protocol_object_service_get_object_max_latency : 0
rpc_server_8027_eufs_rpc_protocol_object_service_get_object_qps : 0
rpc_server_8027_eufs_rpc_protocol_object_service_put_object_concurrency : 0
rpc_server_8027_eufs_rpc_protocol_object_service_put_object_count : 16
rpc_server_8027_eufs_rpc_protocol_object_service_put_object_eps : 0
rpc_server_8027_eufs_rpc_protocol_object_service_put_object_error : 0
rpc_server_8027_eufs_rpc_protocol_object_service_put_object_latency : 57901
rpc_server_8027_eufs_rpc_protocol_object_service_put_object_latency_80 : 0
rpc_server_8027_eufs_rpc_protocol_object_service_put_object_latency_90 : 0
rpc_server_8027_eufs_rpc_protocol_object_service_put_object_latency_99 : 0
rpc_server_8027_eufs_rpc_protocol_object_service_put_object_latency_999 : 0
rpc_server_8027_eufs_rpc_protocol_object_service_put_object_latency_9999 : 0
rpc_server_8027_eufs_rpc_protocol_object_service_put_object_max_latency : 156879
rpc_server_8027_eufs_rpc_protocol_object_service_put_object_qps : 9
rpc_server_8027_eufs_rpc_protocol_object_service_stat_object_concurrency : 0
rpc_server_8027_eufs_rpc_protocol_object_service_stat_object_count : 1
rpc_server_8027_eufs_rpc_protocol_object_service_stat_object_eps : 0
rpc_server_8027_eufs_rpc_protocol_object_service_stat_object_error : 0
rpc_server_8027_eufs_rpc_protocol_object_service_stat_object_latency : 41225
rpc_server_8027_eufs_rpc_protocol_object_service_stat_object_latency_80 : 0
rpc_server_8027_eufs_rpc_protocol_object_service_stat_object_latency_90 : 0
rpc_server_8027_eufs_rpc_protocol_object_service_stat_object_latency_99 : 0
rpc_server_8027_eufs_rpc_protocol_object_service_stat_object_latency_999 : 0
rpc_server_8027_eufs_rpc_protocol_object_service_stat_object_latency_9999 : 0
rpc_server_8027_eufs_rpc_protocol_object_service_stat_object_max_latency : 41225
rpc_server_8027_eufs_rpc_protocol_object_service_stat_object_qps : 1
rpc_server_8027_service_count : 1
rpc_server_8027_start_time : "2026/08/09-04:06:58"
rpc_server_8027_uptime : 1.838415
rpc_server_count : 1
rpc_socket_count : 2
rpc_waitepollout_count : 0
rpc_waitepollout_second : 0
rpcz_sampling_ratio : 1.000
system_core_count : 2
system_loadavg_15m : 0.580
system_loadavg_1m : 0.940
system_loadavg_5m : 0.670
