bthread_count : 4
bthread_count_0 : 4
bthread_group_status : "0 0 0 0 0 0 0 0 0 "
bthread_key_count : 1
bthread_keytable_count : 1
bthread_keytable_memory : 768
bthread_signal_second : 11
bthread_stack_count : 8
bthread_switch_second : 27
bthread_timer_scheduled_second : 2
bthread_timer_triggered_second : 2
bthread_timer_usage : 0.00866472
bthread_worker_count : 9
bthread_worker_count_0 : 9
bthread_worker_usage : 1.05283
bthread_worker_usage_0 : 1.05283
bvar_dump_interval : 10
bvar_sampler_collector_usage : 0.011487
eufs_object_service_get_execution_count : 0
eufs_object_service_get_execution_latency : 0
eufs_object_service_get_execution_latency_80 : 0
eufs_object_service_get_execution_latency_90 : 0
eufs_object_service_get_execution_latency_99 : 0
eufs_object_service_get_execution_latency_999 : 0
eufs_object_service_get_execution_latency_9999 : 0
eufs_object_service_get_execution_max_latency : 0
eufs_object_service_get_execution_qps : 0
eufs_object_service_inflight_byte_rejection_count : 14
eufs_object_service_inflight_payload_bytes : 0
eufs_object_service_ledger_full_count : 0
eufs_object_service_put_execution_count : 2
eufs_object_service_put_execution_latency : 776245
eufs_object_service_put_execution_latency_80 : 870692
eufs_object_service_put_execution_latency_90 : 870692
eufs_object_service_put_execution_latency_99 : 870692
eufs_object_service_put_execution_latency_999 : 870692
eufs_object_service_put_execution_latency_9999 : 870692
eufs_object_service_put_execution_max_latency : 870692
eufs_object_service_put_execution_qps : 0
eufs_object_service_queue_allocation_failure_count : 0
eufs_object_service_read_queue_depth : 0
eufs_object_service_read_queue_rejection_count : 0
eufs_object_service_read_queue_wait_count : 1
eufs_object_service_read_queue_wait_latency : 4961
eufs_object_service_read_queue_wait_latency_80 : 4961
eufs_object_service_read_queue_wait_latency_90 : 4961
eufs_object_service_read_queue_wait_latency_99 : 4961
eufs_object_service_read_queue_wait_latency_999 : 4961
eufs_object_service_read_queue_wait_latency_9999 : 4961
eufs_object_service_read_queue_wait_max_latency : 4961
eufs_object_service_read_queue_wait_qps : 1
eufs_object_service_request_id_conflict_count : 0
eufs_object_service_request_replay_count : 0
eufs_object_service_result_unknown_count : 0
eufs_object_service_stat_execution_count : 1
eufs_object_service_stat_execution_latency : 4409
eufs_object_service_stat_execution_latency_80 : 4409
eufs_object_service_stat_execution_latency_90 : 4409
eufs_object_service_stat_execution_latency_99 : 4409
eufs_object_service_stat_execution_latency_999 : 4409
eufs_object_service_stat_execution_latency_9999 : 4409
eufs_object_service_stat_execution_max_latency : 4409
eufs_object_service_stat_execution_qps : 0
eufs_object_service_storage_error_count : 0
eufs_object_service_write_queue_depth : 0
eufs_object_service_write_queue_rejection_count : 0
eufs_object_service_write_queue_wait_count : 2
eufs_object_service_write_queue_wait_latency : 405285
eufs_object_service_write_queue_wait_latency_80 : 800448
eufs_object_service_write_queue_wait_latency_90 : 800448
eufs_object_service_write_queue_wait_latency_99 : 800448
eufs_object_service_write_queue_wait_latency_999 : 800448
eufs_object_service_write_queue_wait_latency_9999 : 800448
eufs_object_service_write_queue_wait_max_latency : 800448
eufs_object_service_write_queue_wait_qps : 0
event_dispatcher_read_count : 204
event_dispatcher_read_latency : 551118
event_dispatcher_read_latency_80 : 101400
event_dispatcher_read_latency_90 : 962830
event_dispatcher_read_latency_99 : 21190600
event_dispatcher_read_latency_999 : 22006540
event_dispatcher_read_latency_9999 : 22006540
event_dispatcher_read_max_latency : 22006540
event_dispatcher_read_qps : 35
event_dispatcher_write_count : 0
event_dispatcher_write_latency : 0
event_dispatcher_write_latency_80 : 0
event_dispatcher_write_latency_90 : 0
event_dispatcher_write_latency_99 : 0
event_dispatcher_write_latency_999 : 0
event_dispatcher_write_latency_9999 : 0
event_dispatcher_write_max_latency : 0
event_dispatcher_write_qps : 0
gcc_version : "12.3.1"
iobuf_block_count : 70
iobuf_block_count_hit_tls_threshold : 5
iobuf_block_memory : 70
iobuf_newbigview_second : 18
kernel_version : "Linux localhost.localdomain 6.6.0-159.4.3.154.oe2403sp4.x86_64 #1 SMP Mon Jun 29 00:35:21 CST 2026 x86_64 x86_64 x86_64 GNU/Linux
"
pgrp : 10335
pid : 10714
ppid : 10335
process_cmdline : "./build-brpc/eufs_object_server
--image=/root/eufs-overload-matrix-20260809-v9/byte-overload/eufs.img
--listen_addr=127.0.0.1:8027
--max_queued_write_tasks=32
--max_inflight_bytes=8000000
--max_queued_read_tasks=32
--read_workers=4
"
process_context_switches_involuntary_second : 145
process_context_switches_voluntary_second : 66
process_cpu_usage : 0.473
process_cpu_usage_system : 0.280
process_cpu_usage_user : 0.193
process_disk_read_bytes_second : 0
process_disk_write_bytes_second : 1360469
process_faults_major : 0
process_faults_minor_second : 2686
process_fd_count : 10
process_inblocks_second : 0
process_io_read_bytes_second : 13293891
process_io_read_second : 871
process_io_write_bytes_second : 1362205
process_io_write_second : 334
process_memory_data_and_stack : 209375232
process_memory_resident : 63492096
process_memory_shared : 16609280
process_memory_text : 3350528
process_memory_virtual : 1065611264
process_nice : 0
process_outblocks_second : 2658
process_priority : 20
process_thread_count : 17
process_uptime : 6.340247
process_username : "root"
process_work_dir : "/root/eufs-g3-6be9260"
rpc_channel_connection_count : 0
rpc_checksums : "crc32c"
rpc_compressions : "snappy gzip zlib"
rpc_controller_count : 1
rpc_event_thread_second : 6
rpc_health_check_count : 0
rpc_keepwrite_second : 0
rpc_load_balancer : "c_md5 wr c_murmurhash c_ketama wrr rr random la p2c"
rpc_naming_service : "file list http discovery https dlist consul nacos redis remotefile"
rpc_profilers : "contention"
rpc_protocols : "rdma_handshake baidu_std streaming_rpc hulu_pbrpc sofa_pbrpc rtmp http public_pbrpc nova_pbrpc redis nshead mongo ubrpc_compack memcache nshead_mcpack ubrpc_mcpack2 esp h2 couchbase mysql"
rpc_revision : "1.17.0"
rpc_server_8027_builtin_service_count : 22
rpc_server_8027_concurrency : 0
rpc_server_8027_connection_count : 1
rpc_server_8027_eps : 0
rpc_server_8027_error : 0
rpc_server_8027_eufs_rpc_protocol_object_service_get_object_concurrency : 0
rpc_server_8027_eufs_rpc_protocol_object_service_get_object_count : 0
rpc_server_8027_eufs_rpc_protocol_object_service_get_object_eps : 0
rpc_server_8027_eufs_rpc_protocol_object_service_get_object_error : 0
rpc_server_8027_eufs_rpc_protocol_object_service_get_object_latency : 0.000
rpc_server_8027_eufs_rpc_protocol_object_service_get_object_latency_80 : 0
rpc_server_8027_eufs_rpc_protocol_object_service_get_object_latency_90 : 0
rpc_server_8027_eufs_rpc_protocol_object_service_get_object_latency_99 : 0
rpc_server_8027_eufs_rpc_protocol_object_service_get_object_latency_999 : 0
rpc_server_8027_eufs_rpc_protocol_object_service_get_object_latency_9999 : 0
rpc_server_8027_eufs_rpc_protocol_object_service_get_object_max_latency : 0
rpc_server_8027_eufs_rpc_protocol_object_service_get_object_qps : 0
rpc_server_8027_eufs_rpc_protocol_object_service_put_object_concurrency : 0
rpc_server_8027_eufs_rpc_protocol_object_service_put_object_count : 16
rpc_server_8027_eufs_rpc_protocol_object_service_put_object_eps : 0
rpc_server_8027_eufs_rpc_protocol_object_service_put_object_error : 0
rpc_server_8027_eufs_rpc_protocol_object_service_put_object_latency : 319954
rpc_server_8027_eufs_rpc_protocol_object_service_put_object_latency_80 : 156217
rpc_server_8027_eufs_rpc_protocol_object_service_put_object_latency_90 : 1635875
rpc_server_8027_eufs_rpc_protocol_object_service_put_object_latency_99 : 2209303
rpc_server_8027_eufs_rpc_protocol_object_service_put_object_latency_999 : 2209303
rpc_server_8027_eufs_rpc_protocol_object_service_put_object_latency_9999 : 2209303
rpc_server_8027_eufs_rpc_protocol_object_service_put_object_max_latency : 2209303
rpc_server_8027_eufs_rpc_protocol_object_service_put_object_qps : 3
rpc_server_8027_eufs_rpc_protocol_object_service_stat_object_concurrency : 0
rpc_server_8027_eufs_rpc_protocol_object_service_stat_object_count : 1
rpc_server_8027_eufs_rpc_protocol_object_service_stat_object_eps : 0
rpc_server_8027_eufs_rpc_protocol_object_service_stat_object_error : 0
rpc_server_8027_eufs_rpc_protocol_object_service_stat_object_latency : 35075
rpc_server_8027_eufs_rpc_protocol_object_service_stat_object_latency_80 : 35075
rpc_server_8027_eufs_rpc_protocol_object_service_stat_object_latency_90 : 35075
rpc_server_8027_eufs_rpc_protocol_object_service_stat_object_latency_99 : 35075
rpc_server_8027_eufs_rpc_protocol_object_service_stat_object_latency_999 : 35075
rpc_server_8027_eufs_rpc_protocol_object_service_stat_object_latency_9999 : 35075
rpc_server_8027_eufs_rpc_protocol_object_service_stat_object_max_latency : 35075
rpc_server_8027_eufs_rpc_protocol_object_service_stat_object_qps : 0
rpc_server_8027_service_count : 1
rpc_server_8027_start_time : "2026/08/09-04:07:14"
rpc_server_8027_uptime : 6.097599
rpc_server_count : 1
rpc_socket_count : 2
rpc_waitepollout_count : 0
rpc_waitepollout_second : 0
rpcz_sampling_ratio : 1.000
system_core_count : 2
system_loadavg_15m : 0.610
system_loadavg_1m : 1.270
system_loadavg_5m : 0.760
